Count 31 of len 1:
DROP
Count 28 of len 1:
DUP
Count 21 of len 1:
ELEM
Count 16 of len 1:
CONST	1
Count 13 of len 2:
CONST	1
ELEM
Count 12 of len 1:
CONST	0
Count 11 of len 2:
DROP
DUP
Count 11 of len 2:
DUP
CONST	1
Count 10 of len 2:
DROP
DROP
Count 8 of len 2:
CONST	0
ELEM
Count 8 of len 1:
LD	A(0)
Count 7 of len 2:
ELEM
DROP
Count 7 of len 2:
DUP
CONST	0
Count 4 of len 2:
DUP
DUP
Count 4 of len 1:
SEXP	cons 2
Count 3 of len 2:
ST	L(0)
DROP
Count 3 of len 2:
ELEM
ST	L(0)
Count 3 of len 2:
DUP
ARRAY	2
Count 3 of len 1:
CALL	Barray	2
Count 3 of len 1:
LD	L(3)
Count 3 of len 1:
LD	L(0)
Count 3 of len 1:
ST	L(0)
Count 3 of len 1:
ARRAY	2
Count 2 of len 2:
SEXP	cons 2
CALL	Barray	2
Count 2 of len 2:
DUP
TAG	cons 2
Count 2 of len 2:
ELEM
CONST	0
Count 2 of len 2:
ELEM
CONST	1
Count 2 of len 1:
LD	L(1)
Count 2 of len 1:
TAG	cons 2
Count 2 of len 1:
BINOP	==
Count 2 of len 1:
BINOP	-
Count 2 of len 1:
BEGIN	1 0
Count 2 of len 1:
BEGIN	2 0
Count 1 of len 2:
LD	A(1)
BINOP	-
Count 1 of len 2:
LINE	2
LD	A(1)
Count 1 of len 2:
LD	A(0)
LINE	2
Count 1 of len 2:
LINE	1
LD	A(0)
Count 1 of len 2:
BEGIN	2 0
LINE	1
Count 1 of len 2:
LD	A(0)
CALL	Barray	2
Count 1 of len 2:
LINE	13
LD	A(0)
Count 1 of len 2:
CONST	0
LINE	13
Count 1 of len 2:
DROP
CONST	0
Count 1 of len 2:
DUP
DROP
Count 1 of len 2:
LD	L(4)
SEXP	cons 2
Count 1 of len 2:
LD	L(3)
LD	L(4)
Count 1 of len 2:
LD	L(5)
LD	L(3)
Count 1 of len 2:
DROP
LD	L(5)
Count 1 of len 2:
ST	L(4)
DROP
Count 1 of len 2:
ELEM
ST	L(4)
Count 1 of len 2:
ST	L(5)
DROP
Count 1 of len 2:
ELEM
ST	L(5)
Count 1 of len 2:
LINE	11
LD	L(2)
Count 1 of len 2:
ELEM
SEXP	cons 2
Count 1 of len 2:
LD	L(0)
SEXP	cons 2
Count 1 of len 2:
LD	L(3)
LD	L(0)
Count 1 of len 2:
LD	L(1)
LD	L(3)
Count 1 of len 2:
LINE	10
LD	L(1)
Count 1 of len 2:
CONST	1
LINE	10
Count 1 of len 2:
CONST	0
BINOP	>
Count 1 of len 2:
LD	L(3)
LD	L(1)
Count 1 of len 2:
LINE	9
LD	L(3)
Count 1 of len 2:
DROP
LINE	9
Count 1 of len 2:
ST	L(1)
DROP
Count 1 of len 2:
ELEM
ST	L(1)
Count 1 of len 2:
ST	L(2)
DROP
Count 1 of len 2:
ELEM
ST	L(2)
Count 1 of len 2:
ST	L(3)
DROP
Count 1 of len 2:
ELEM
ST	L(3)
Count 1 of len 2:
ELEM
DUP
Count 1 of len 2:
LD	A(0)
DUP
Count 1 of len 2:
LINE	7
LD	A(0)
Count 1 of len 2:
BEGIN	1 6
LINE	7
Count 1 of len 2:
LINE	20
LD	L(0)
Count 1 of len 2:
DROP
LINE	20
Count 1 of len 2:
CONST	0
BINOP	==
Count 1 of len 2:
LINE	19
LD	L(0)
Count 1 of len 2:
DROP
LINE	19
Count 1 of len 2:
CONST	1
BINOP	==
Count 1 of len 2:
LINE	18
LD	A(0)
Count 1 of len 2:
BEGIN	1 1
LINE	18
Count 1 of len 2:
LINE	24
LD	A(0)
Count 1 of len 2:
LINE	22
LINE	24
Count 1 of len 2:
BEGIN	1 0
LINE	22
Count 1 of len 2:
CONST	1
BINOP	-
Count 1 of len 2:
LD	A(0)
CONST	1
Count 1 of len 2:
LD	A(0)
LD	A(0)
Count 1 of len 2:
LINE	28
LD	A(0)
Count 1 of len 2:
BEGIN	1 0
LINE	28
Count 1 of len 2:
LINE	31
CONST	1000
Count 1 of len 2:
LINE	29
LINE	31
Count 1 of len 2:
BEGIN	2 0
LINE	29
Count 1 of len 1:
LD	A(1)
Count 1 of len 1:
LINE	2
Count 1 of len 1:
LINE	1
Count 1 of len 1:
LINE	13
Count 1 of len 1:
FAIL	11 17
Count 1 of len 1:
LD	L(4)
Count 1 of len 1:
LD	L(5)
Count 1 of len 1:
ST	L(4)
Count 1 of len 1:
ST	L(5)
Count 1 of len 1:
LD	L(2)
Count 1 of len 1:
LINE	11
Count 1 of len 1:
LINE	10
Count 1 of len 1:
BINOP	>
Count 1 of len 1:
LINE	9
Count 1 of len 1:
ST	L(1)
Count 1 of len 1:
ST	L(2)
Count 1 of len 1:
ST	L(3)
Count 1 of len 1:
LINE	7
Count 1 of len 1:
BEGIN	1 6
Count 1 of len 1:
FAIL	18 9
Count 1 of len 1:
LINE	20
Count 1 of len 1:
LINE	19
Count 1 of len 1:
LINE	18
Count 1 of len 1:
BEGIN	1 1
Count 1 of len 1:
LINE	24
Count 1 of len 1:
LINE	22
Count 1 of len 1:
LINE	28
Count 1 of len 1:
CONST	1000
Count 1 of len 1:
LINE	31
Count 1 of len 1:
LINE	29
